// Jest Snapshot v1, https://goo.gl/fbAQLP

exports[`renders Dimensions 1`] = `
<div>
  <div
    class="header-container"
  >
    <h3>
      Products
    </h3>
    <div
      class="headers"
    >
      <div
        class="header-item"
      >
        Category
      </div>
      <div
        class="header-item"
      >
        Sub Category
      </div>
    </div>
  </div>
  <div>
    <div />
    <div>
      <div
        class="category"
      >
        <div
          class="title"
        >
          Furniture
        </div>
        <div
          class="sub-categories"
        >
          <ul>
            <li>
              Bookcases
            </li>
            <li>
              Chairs
            </li>
            <li>
              Furnishings
            </li>
            <li>
              Tables
            </li>
          </ul>
        </div>
      </div>
      <div
        class="sub-total"
      >
        Furniture
         Total
      </div>
    </div>
    <div>
      <div
        class="category"
      >
        <div
          class="title"
        >
          Office Supplies
        </div>
        <div
          class="sub-categories"
        >
          <ul>
            <li>
              Appliances
            </li>
            <li>
              Art
            </li>
            <li>
              Binders
            </li>
            <li>
              Envelopes
            </li>
            <li>
              Fasteners
            </li>
            <li>
              Labels
            </li>
            <li>
              Paper
            </li>
            <li>
              Storage
            </li>
            <li>
              Supplies
            </li>
          </ul>
        </div>
      </div>
      <div
        class="sub-total"
      >
        Office Supplies
         Total
      </div>
    </div>
    <div>
      <div
        class="category"
      >
        <div
          class="title"
        >
          Technology
        </div>
        <div
          class="sub-categories"
        >
          <ul>
            <li>
              Accessories
            </li>
            <li>
              Copiers
            </li>
            <li>
              Machines
            </li>
            <li>
              Phones
            </li>
          </ul>
        </div>
      </div>
      <div
        class="sub-total"
      >
        Technology
         Total
      </div>
    </div>
  </div>
</div>
`;
